#-----------------------------------------------------------
# Webtalk v2019.1 (64-bit)
# SW Build 2552052 on Fri May 24 14:47:09 MDT 2019
# IP Build 2548770 on Fri May 24 18:01:18 MDT 2019
# Start of session at: Fri May 24 18:35:23 2024
# Process ID: 461284
# Current directory: /home/developer/Documents/DSP/AXI4 Implementation in FPGAs/AXI4-Full/AXI-4_Slave/axi4_slave_vhdl/axi4_slave_vhdl.sim/sim_1/behav/xsim
# Command line: wbtcv -mode batch -source /home/developer/Documents/DSP/AXI4 Implementation in FPGAs/AXI4-Full/AXI-4_Slave/axi4_slave_vhdl/axi4_slave_vhdl.sim/sim_1/behav/xsim/xsim.dir/T_AXI4_MASTER_behav/webtalk/xsim_webtalk.tcl -notrace
# Log file: /home/developer/Documents/DSP/AXI4 Implementation in FPGAs/AXI4-Full/AXI-4_Slave/axi4_slave_vhdl/axi4_slave_vhdl.sim/sim_1/behav/xsim/webtalk.log
# Journal file: /home/developer/Documents/DSP/AXI4 Implementation in FPGAs/AXI4-Full/AXI-4_Slave/axi4_slave_vhdl/axi4_slave_vhdl.sim/sim_1/behav/xsim/webtalk.jou
#-----------------------------------------------------------
source /home/developer/Documents/DSP/AXI4 -notrace
