#-----------------------------------------------------------
# Webtalk v2019.1 (64-bit)
# SW Build 2552052 on Fri May 24 14:47:09 MDT 2019
# IP Build 2548770 on Fri May 24 18:01:18 MDT 2019
# Start of session at: Sat May 25 13:00:31 2024
# Process ID: 562560
# Current directory: /home/developer/Documents/DSP/AXI4 Implementation in FPGAs/AXI4-Full/AXI-4_Slave/axi4_block_verilog/axi4_block_verilog.sim/sim_1/behav/xsim
# Command line: wbtcv -mode batch -source /home/developer/Documents/DSP/AXI4 Implementation in FPGAs/AXI4-Full/AXI-4_Slave/axi4_block_verilog/axi4_block_verilog.sim/sim_1/behav/xsim/xsim.dir/t_axi4_block_behav/webtalk/xsim_webtalk.tcl -notrace
# Log file: /home/developer/Documents/DSP/AXI4 Implementation in FPGAs/AXI4-Full/AXI-4_Slave/axi4_block_verilog/axi4_block_verilog.sim/sim_1/behav/xsim/webtalk.log
# Journal file: /home/developer/Documents/DSP/AXI4 Implementation in FPGAs/AXI4-Full/AXI-4_Slave/axi4_block_verilog/axi4_block_verilog.sim/sim_1/behav/xsim/webtalk.jou
#-----------------------------------------------------------
source /home/developer/Documents/DSP/AXI4 -notrace
